// Jest Snapshot v1, https://goo.gl/fbAQLP

exports[`App renders appropriately 1`] = `
<div>
  <h1>
    yo
  </h1>
</div>
`;
